// Jest Snapshot v1, https://goo.gl/fbAQLP

exports[`RecipeCard should match snap shot 1`] = `ShallowWrapper {}`;
