// Jest Snapshot v1, https://goo.gl/fbAQLP

exports[`RecipeContainer RecipeContainer should match snap shot 1`] = `ShallowWrapper {}`;
